// Jest Snapshot v1, https://goo.gl/fbAQLP

exports[`Footer styles unit tests should shallow render StyledFooter and match snapshot 1`] = `
.c0 {
  position: fixed;
  bottom: 0;
  left: 0;
  width: 100%;
  height: 300px;
  z-index: -1;
  display: -webkit-box;
  display: -webkit-flex;
  display: -ms-flexbox;
  display: flex;
  -webkit-box-pack: center;
  -webkit-justify-content: center;
  -ms-flex-pack: center;
  justify-content: center;
  -webkit-align-items: center;
  -webkit-box-align: center;
  -ms-flex-align: center;
  align-items: center;
  -webkit-flex-direction: column;
  -ms-flex-direction: column;
  flex-direction: column;
}

<footer
  className="c0"
/>
`;

exports[`Footer styles unit tests should shallow render StyledFooterDeveloperTag and match snapshot 1`] = `
.c0 {
  font-family: "Rubik",sans-serif;
}

.c0 a {
  -webkit-text-decoration: none;
  text-decoration: none;
  cursor: pointer;
}

<p
  className="c0"
/>
`;

exports[`Footer styles unit tests should shallow render StyledFooterPhrase and match snapshot 1`] = `
.c0 {
  font-family: "Karla",sans-serif;
  margin-bottom: 25px;
}

<p
  className="c0"
/>
`;

exports[`Footer styles unit tests should shallow render StyledH2 and match snapshot 1`] = `
.c0 {
  font-size: 6vw;
  font-family: "Rubik",sans-serif;
  margin: 1em 0;
  text-transform: uppercase;
}

.c0 span {
  border: 4px solid;
  box-shadow: 0 0 10px;
  padding: 5px;
  text-transform: none;
}

@media (min-width:768px) {
  .c0 {
    font-size: 5.5vw;
    margin: 0.8em 0;
  }

  .c0 span {
    border: 6px solid;
  }
}

@media (min-width:992px) {
  .c0 {
    font-size: 5vw;
    margin: 0.6em 0;
  }

  .c0 span {
    border: 8px solid;
  }
}

@media (min-width:1200px) {
  .c0 {
    font-size: 4.5vw;
    margin: 0.5em 0;
  }

  .c0 span {
    border: 10px solid;
  }
}

<h2
  className="c0"
/>
`;
