// Jest Snapshot v1, https://goo.gl/fbAQLP

exports[`Navbar unit test should validate match snapshot to Navbar component with theme 'Dark Mode ðŸŒ‘' 1`] = `
<styled.nav>
  <styled.div>
    <styled.button>
      Dark Mode ðŸŒ‘
    </styled.button>
  </styled.div>
</styled.nav>
`;

exports[`Navbar unit test should validate match snapshot to Navbar component with theme 'Light Mode ðŸŒ•' 1`] = `
<styled.nav>
  <styled.div>
    <styled.button>
      Light Mode ðŸŒ•
    </styled.button>
  </styled.div>
</styled.nav>
`;
