// Jest Snapshot v1, https://goo.gl/fbAQLP

exports[`Header Styles unit tests should validate match to snapshot of StyledFigure  1`] = `
.c0 {
  -webkit-animation: 1.2s fzrbgR;
  animation: 1.2s fzrbgR;
  -webkit-animation-delay: 1.4s;
  animation-delay: 1.4s;
  height: 100%;
  width: 100%;
  margin: 0;
  padding: 0;
}

.c0 img {
  width: 30vw;
  height: auto;
}

<figure
  className="c0"
/>
`;

exports[`Header Styles unit tests should validate match to snapshot of StyledH1  1`] = `
.c0 {
  -webkit-animation: 1.5s dMrtAp;
  animation: 1.5s dMrtAp;
  font-size: 8vw;
  font-family: "Rubik",sans-serif;
  margin: 1em 0;
  text-transform: uppercase;
}

.c0 span {
  border: 4px solid;
  box-shadow: 0 0 10px;
  padding: 5px;
  text-transform: none;
}

@media (min-width:768px) {
  .c0 {
    margin: 0.8em 0;
  }

  .c0 span {
    border: 6px solid;
  }
}

@media (min-width:992px) {
  .c0 {
    margin: 0.6em 0;
  }

  .c0 span {
    border: 8px solid;
  }
}

@media (min-width:1200px) {
  .c0 {
    margin: 0.5em 0;
  }

  .c0 span {
    border: 10px solid;
  }
}

<h1
  className="c0"
/>
`;

exports[`Header Styles unit tests should validate match to snapshot of StyledHeader 1`] = `
.c0 {
  min-height: 100vh;
  display: -webkit-box;
  display: -webkit-flex;
  display: -ms-flexbox;
  display: flex;
  -webkit-flex-direction: column;
  -ms-flex-direction: column;
  flex-direction: column;
  -webkit-align-items: center;
  -webkit-box-align: center;
  -ms-flex-align: center;
  align-items: center;
  -webkit-box-pack: center;
  -webkit-justify-content: center;
  -ms-flex-pack: center;
  justify-content: center;
  font-size: calc(10px + 2vmin);
}

<header
  className="c0"
/>
`;
